[xvelopers.com/demos/html/paper-panel/assets/img/basic/favicon.ico]
[backblue.gif]
[fade.gif]
[index.html]
[xvelopers.com/demos/html/paper-panel/assets/img/basic/logo.png]
[xvelopers.com/demos/html/paper-panel/assets/img/dummy/u2.png]
[xvelopers.com/demos/html/paper-panel/assets/img/dummy/u4.png]
[xvelopers.com/demos/html/paper-panel/assets/img/dummy/u1.png]
[xvelopers.com/demos/html/paper-panel/assets/img/dummy/u3.png]
[xvelopers.com/demos/html/paper-panel/assets/img/dummy/u8.png]
[xvelopers.com/demos/html/paper-panel/assets/img/dummy/u5.png]
[xvelopers.com/demos/html/paper-panel/assets/img/dummy/u6.png]
[xvelopers.com/demos/html/paper-panel/assets/img/dummy/u7.png]
[xvelopers.com/demos/html/paper-panel/assets/img/dummy/u9.png]
[xvelopers.com/demos/html/paper-panel/assets/img/dummy/u11.png]
[xvelopers.com/demos/html/paper-panel/assets/img/dummy/u12.png]
[xvelopers.com/demos/html/paper-panel/assets/js/app.js]
[xvelopers.com/demos/html/paper-panel/index.html]
[xvelopers.com/demos/html/paper-panel/assets/fonts/paperIcons9baf.eot]
[xvelopers.com/demos/html/paper-panel/assets/fonts/paperIcons9baf.ttf]
[xvelopers.com/demos/html/paper-panel/assets/fonts/paperIcons9baf.woff]
[xvelopers.com/demos/html/paper-panel/assets/fonts/roboto/roboto-v16-latin-100.eot]
[xvelopers.com/demos/html/paper-panel/assets/fonts/roboto/roboto-v16-latin-100.woff2]
[xvelopers.com/demos/html/paper-panel/assets/fonts/roboto/roboto-v16-latin-100d41d.eot]
[xvelopers.com/demos/html/paper-panel/assets/fonts/roboto/roboto-v16-latin-100.woff]
[xvelopers.com/demos/html/paper-panel/assets/fonts/roboto/roboto-v16-latin-100.ttf]
[xvelopers.com/demos/html/paper-panel/assets/fonts/roboto/roboto-v16-latin-100italic.eot]
[xvelopers.com/demos/html/paper-panel/assets/fonts/roboto/roboto-v16-latin-100italicd41d.eot]
[xvelopers.com/demos/html/paper-panel/assets/fonts/roboto/roboto-v16-latin-100italic.woff2]
[xvelopers.com/demos/html/paper-panel/assets/fonts/roboto/roboto-v16-latin-100italic.woff]
[xvelopers.com/demos/html/paper-panel/assets/fonts/roboto/roboto-v16-latin-100italic.ttf]
[xvelopers.com/demos/html/paper-panel/assets/fonts/roboto/roboto-v16-latin-300.eot]
[xvelopers.com/demos/html/paper-panel/assets/fonts/roboto/roboto-v16-latin-300.woff2]
[xvelopers.com/demos/html/paper-panel/assets/fonts/roboto/roboto-v16-latin-300d41d.eot]
[xvelopers.com/demos/html/paper-panel/assets/fonts/roboto/roboto-v16-latin-300.woff]
[xvelopers.com/demos/html/paper-panel/assets/fonts/roboto/roboto-v16-latin-300.ttf]
[xvelopers.com/demos/html/paper-panel/assets/fonts/roboto/roboto-v16-latin-300italic.eot]
[xvelopers.com/demos/html/paper-panel/assets/fonts/roboto/roboto-v16-latin-300italic.woff2]
[xvelopers.com/demos/html/paper-panel/assets/fonts/roboto/roboto-v16-latin-300italicd41d.eot]
[xvelopers.com/demos/html/paper-panel/assets/fonts/roboto/roboto-v16-latin-300italic.woff]
[xvelopers.com/demos/html/paper-panel/assets/fonts/roboto/roboto-v16-latin-300italic.ttf]
[xvelopers.com/demos/html/paper-panel/assets/fonts/roboto/roboto-v16-latin-regular.eot]
[xvelopers.com/demos/html/paper-panel/assets/fonts/roboto/roboto-v16-latin-regular.woff2]
[xvelopers.com/demos/html/paper-panel/assets/fonts/roboto/roboto-v16-latin-regular.woff]
[xvelopers.com/demos/html/paper-panel/assets/fonts/roboto/roboto-v16-latin-regulard41d.eot]
[xvelopers.com/demos/html/paper-panel/assets/fonts/roboto/roboto-v16-latin-regular.ttf]
[xvelopers.com/demos/html/paper-panel/assets/fonts/roboto/roboto-v16-latin-italic.eot]
[xvelopers.com/demos/html/paper-panel/assets/fonts/roboto/roboto-v16-latin-italic.woff2]
[xvelopers.com/demos/html/paper-panel/assets/fonts/roboto/roboto-v16-latin-italic.woff]
[xvelopers.com/demos/html/paper-panel/assets/fonts/roboto/roboto-v16-latin-italicd41d.eot]
[xvelopers.com/demos/html/paper-panel/assets/fonts/roboto/roboto-v16-latin-italic.ttf]
[xvelopers.com/demos/html/paper-panel/assets/fonts/roboto/roboto-v16-latin-500.eot]
[xvelopers.com/demos/html/paper-panel/assets/fonts/roboto/roboto-v16-latin-500.woff2]
[xvelopers.com/demos/html/paper-panel/assets/fonts/roboto/roboto-v16-latin-500d41d.eot]
[xvelopers.com/demos/html/paper-panel/assets/fonts/roboto/roboto-v16-latin-500.woff]
[xvelopers.com/demos/html/paper-panel/assets/fonts/roboto/roboto-v16-latin-500.ttf]
[xvelopers.com/demos/html/paper-panel/assets/fonts/roboto/roboto-v16-latin-500italic.eot]
[xvelopers.com/demos/html/paper-panel/assets/fonts/roboto/roboto-v16-latin-500italic.woff2]
[xvelopers.com/demos/html/paper-panel/assets/fonts/roboto/roboto-v16-latin-500italicd41d.eot]
[xvelopers.com/demos/html/paper-panel/assets/fonts/roboto/roboto-v16-latin-500italic.woff]
[xvelopers.com/demos/html/paper-panel/assets/fonts/roboto/roboto-v16-latin-500italic.ttf]
[xvelopers.com/demos/html/paper-panel/assets/fonts/roboto/roboto-v16-latin-700.eot]
[xvelopers.com/demos/html/paper-panel/assets/fonts/roboto/roboto-v16-latin-700.woff2]
[xvelopers.com/demos/html/paper-panel/assets/fonts/roboto/roboto-v16-latin-700d41d.eot]
[xvelopers.com/demos/html/paper-panel/assets/fonts/roboto/roboto-v16-latin-700.woff]
[xvelopers.com/demos/html/paper-panel/assets/fonts/roboto/roboto-v16-latin-700.ttf]
[xvelopers.com/demos/html/paper-panel/assets/fonts/roboto/roboto-v16-latin-700italic.eot]
[xvelopers.com/demos/html/paper-panel/assets/fonts/roboto/roboto-v16-latin-700italic.woff2]
[xvelopers.com/demos/html/paper-panel/assets/fonts/roboto/roboto-v16-latin-700italicd41d.eot]
[xvelopers.com/demos/html/paper-panel/assets/fonts/roboto/roboto-v16-latin-700italic.woff]
[xvelopers.com/demos/html/paper-panel/assets/fonts/roboto/roboto-v16-latin-700italic.ttf]
[xvelopers.com/demos/html/paper-panel/assets/fonts/roboto/roboto-v16-latin-900.eot]
[xvelopers.com/demos/html/paper-panel/assets/fonts/roboto/roboto-v16-latin-900d41d.eot]
[xvelopers.com/demos/html/paper-panel/assets/fonts/roboto/roboto-v16-latin-900.woff2]
[xvelopers.com/demos/html/paper-panel/assets/fonts/roboto/roboto-v16-latin-900.woff]
[xvelopers.com/demos/html/paper-panel/assets/fonts/roboto/roboto-v16-latin-900.ttf]
[xvelopers.com/demos/html/paper-panel/assets/fonts/roboto/roboto-v16-latin-900italic.eot]
[xvelopers.com/demos/html/paper-panel/assets/fonts/roboto/roboto-v16-latin-900italic.woff2]
[xvelopers.com/demos/html/paper-panel/assets/fonts/roboto/roboto-v16-latin-900italicd41d.eot]
[xvelopers.com/demos/html/paper-panel/assets/fonts/roboto/roboto-v16-latin-900italic.woff]
[xvelopers.com/demos/html/paper-panel/assets/fonts/roboto/roboto-v16-latin-900italic.ttf]
[xvelopers.com/demos/html/paper-panel/assets/img/icon/icon-left-arrow.png]
[xvelopers.com/demos/html/paper-panel/assets/img/icon/icon-right-arrow.png]
[xvelopers.com/demos/html/paper-panel/assets/img/icon/icon-yes.png]
[xvelopers.com/demos/html/paper-panel/assets/img/icon/icon-not.png]
[xvelopers.com/demos/html/paper-panel/assets/img/icon/icon-article.png]
[xvelopers.com/demos/html/paper-panel/assets/img/icon/icon-video.png]
[xvelopers.com/demos/html/paper-panel/assets/img/icon/icon-photo.png]
[xvelopers.com/demos/html/paper-panel/assets/img/icon/icon-envelope.png]
[xvelopers.com/demos/html/paper-panel/assets/img/icon/icon-rocket.png]
[xvelopers.com/demos/html/paper-panel/assets/img/icon/icon-stone1.png]
[xvelopers.com/demos/html/paper-panel/assets/css/app.css]
[xvelopers.com/demos/html/paper-panel/panel-page-dashboard1-rtl.html]
[xvelopers.com/demos/html/paper-panel/assets/img/demo/shop/s1.png]
[xvelopers.com/demos/html/paper-panel/assets/img/demo/shop/s2.png]
[xvelopers.com/demos/html/paper-panel/assets/img/demo/shop/s3.png]
[xvelopers.com/demos/html/paper-panel/assets/img/demo/shop/s4.png]
[xvelopers.com/demos/html/paper-panel/assets/img/demo/shop/s5.png]
[xvelopers.com/demos/html/paper-panel/assets/img/demo/shop/s6.png]
[xvelopers.com/demos/html/paper-panel/panel-page-dashboard2.html]
[xvelopers.com/demos/html/paper-panel/panel-page-dashboard3.html]
[xvelopers.com/demos/html/paper-panel/assets/img/basic/logo-white.png]
[xvelopers.com/demos/html/paper-panel/panel-page-dashboard4.html]
[xvelopers.com/demos/html/paper-panel/panel-page-dashboard5.html]
[xvelopers.com/demos/html/paper-panel/assets/img/demo/portfolio/p8.jpg]
[xvelopers.com/demos/html/paper-panel/assets/img/demo/portfolio/p6.jpg]
[xvelopers.com/demos/html/paper-panel/assets/img/demo/portfolio/p3.jpg]
[xvelopers.com/demos/html/paper-panel/assets/img/demo/portfolio/p4.jpg]
[xvelopers.com/demos/html/paper-panel/panel-page-dashboard6.html]
[xvelopers.com/demos/html/paper-panel/assets/img/dummy/bootstrap.png]
[xvelopers.com/demos/html/paper-panel/panel-page-dashboard7.html]
[xvelopers.com/demos/html/paper-panel/panel-page-dashboard9.html]
[xvelopers.com/demos/html/paper-panel/panel-page-dashboard10.html]
[xvelopers.com/demos/html/paper-panel/panel-page-dashboard11.html]
[xvelopers.com/demos/html/paper-panel/panel-page-products.html]
[xvelopers.com/demos/html/paper-panel/panel-page-products-create.html]
[xvelopers.com/demos/html/paper-panel/assets/img/dummy/u10.png]
[xvelopers.com/demos/html/paper-panel/panel-page-users.html]
[xvelopers.com/demos/html/paper-panel/panel-page-users-create.html]
[xvelopers.com/demos/html/paper-panel/assets/img/dummy/u13.png]
[xvelopers.com/demos/html/paper-panel/panel-page-profile.html]
[xvelopers.com/demos/html/paper-panel/assets/img/demo/portfolio/p1.jpg]
[xvelopers.com/demos/html/paper-panel/assets/img/demo/portfolio/p2.jpg]
[xvelopers.com/demos/html/paper-panel/panel-page-inbox.html]
[xvelopers.com/demos/html/paper-panel/panel7-inbox.html]
[xvelopers.com/demos/html/paper-panel/panel8-inbox.html]
[xvelopers.com/demos/html/paper-panel/panel-page-inbox-create.html]
[xvelopers.com/demos/html/paper-panel/panel-page-chat.html]
[xvelopers.com/demos/html/paper-panel/panel7-tasks.html]
[xvelopers.com/demos/html/paper-panel/panel-page-calendar.html]
[xvelopers.com/demos/html/paper-panel/panel-page-calendar2.html]
[xvelopers.com/demos/html/paper-panel/panel-page-contacts.html]
[xvelopers.com/demos/html/paper-panel/assets/img/demo/portfolio/p5.jpg]
[xvelopers.com/demos/html/paper-panel/assets/img/demo/portfolio/p9.jpg]
[xvelopers.com/demos/html/paper-panel/assets/img/demo/portfolio/p7.jpg]
[xvelopers.com/demos/html/paper-panel/assets/img/previews/d9.jpg]
[xvelopers.com/demos/html/paper-panel/panel1-projects.html]
[xvelopers.com/demos/html/paper-panel/panel7-projects-list.html]
[xvelopers.com/demos/html/paper-panel/panel7-invoices.html]
[xvelopers.com/demos/html/paper-panel/assets/img/dummy/bootstrap-social-logo.png]
[xvelopers.com/demos/html/paper-panel/panel7-meetings.html]
[xvelopers.com/demos/html/paper-panel/panel7-payments.html]
[xvelopers.com/demos/html/paper-panel/panel-page-blank.html]
[xvelopers.com/demos/html/paper-panel/panel-page-blank-tabs.html]
[xvelopers.com/demos/html/paper-panel/assets/img/icon/icon-plane.png]
[xvelopers.com/demos/html/paper-panel/login.html]
[xvelopers.com/demos/html/paper-panel/login-2.html]
[xvelopers.com/demos/html/paper-panel/login-3.html]
[xvelopers.com/demos/html/paper-panel/login-4.html]
[xvelopers.com/demos/html/paper-panel/assets/img/icon/icon-circles.png]
[xvelopers.com/demos/html/paper-panel/panel-page-404.html]
[xvelopers.com/demos/html/paper-panel/assets/img/basic/stones.png]
[xvelopers.com/demos/html/paper-panel/panel-page-500.html]
[xvelopers.com/demos/html/paper-panel/assets/img/dummy/cs3.gif]
[xvelopers.com/demos/html/paper-panel/panel-page-error.html]
[xvelopers.com/demos/html/paper-panel/assets/img/basic/visa.png]
[xvelopers.com/demos/html/paper-panel/assets/img/basic/mastercard.png]
[xvelopers.com/demos/html/paper-panel/assets/img/basic/american-express.png]
[xvelopers.com/demos/html/paper-panel/assets/img/basic/paypal2.png]
[xvelopers.com/demos/html/paper-panel/panel-page-invoice.html]
[xvelopers.com/demos/html/paper-panel/panel-page-no-posts.html]
[xvelopers.com/demos/html/paper-panel/panel-element-widgets.html]
[xvelopers.com/demos/html/paper-panel/panel-element-counters.html]
[xvelopers.com/demos/html/paper-panel/panel-element-buttons.html]
[xvelopers.com/demos/html/paper-panel/panel-element-typography.html]
[xvelopers.com/demos/html/paper-panel/panel-element-tabels.html]
[xvelopers.com/demos/html/paper-panel/panel-element-alerts.html]
[xvelopers.com/demos/html/paper-panel/panel-element-slider.html]
[xvelopers.com/demos/html/paper-panel/panel-element-tabs.html]
[xvelopers.com/demos/html/paper-panel/panel-element-progress-bars.html]
[xvelopers.com/demos/html/paper-panel/panel-element-badges.html]
[xvelopers.com/demos/html/paper-panel/panel-element-preloaders.html]
[xvelopers.com/demos/html/paper-panel/panel-element-forms.html]
[xvelopers.com/demos/html/paper-panel/form-jquery-validations.html]
[xvelopers.com/demos/html/paper-panel/form-bootstrap-validations.html]
[xvelopers.com/demos/html/paper-panel/panel-element-editor.html]
[xvelopers.com/demos/html/paper-panel/panel-element-toast.html]
[xvelopers.com/demos/html/paper-panel/panel-element-stepper.html]
[xvelopers.com/demos/html/paper-panel/panel-element-date-time-picker.html]
[xvelopers.com/demos/html/paper-panel/panel-element-color-picker.html]
[xvelopers.com/demos/html/paper-panel/panel-element-range-slider.html]
[xvelopers.com/demos/html/paper-panel/panel-element-select2.html]
[xvelopers.com/demos/html/paper-panel/panel-element-tags.html]
[cdn.datatables.net/buttons/1.5.2/css/buttons.dataTables.min.css]
[cdn.datatables.net/buttons/1.5.2/js/dataTables.buttons.min.js]
[xvelopers.com/demos/html/paper-panel/panel-element-data-tables.html]
[xvelopers.com/demos/html/paper-panel/panel-element-charts-js.html]
[xvelopers.com/demos/html/paper-panel/panel-element-morris.html]
[xvelopers.com/demos/html/paper-panel/panel-element-echarts.html]
[xvelopers.com/demos/html/paper-panel/panel-element-easy-pie-charts.html]
[xvelopers.com/demos/html/paper-panel/panel-element-jqvmap.html]
[xvelopers.com/demos/html/paper-panel/panel-element-sparklines.html]
[xvelopers.com/demos/html/paper-panel/panel-element-float.html]
[xvelopers.com/demos/html/paper-panel/panel-element-letters.html]
[xvelopers.com/demos/html/paper-panel/panel-element-icons.html]
[xvelopers.com/demos/html/paper-panel/panel-element-colors.html]
[cdn.datatables.net/buttons/1.5.2/js/buttons.html5.min.js]
[xvelopers.com/demos/html/paper-panel/assets/fonts/paperIcons9baf.eot]
[xvelopers.com/demos/html/paper-panel/assets/fonts/paperIcons9baf.ttf]
[xvelopers.com/demos/html/paper-panel/assets/fonts/paperIcons9baf.woff]
[xvelopers.com/demos/html/paper-panel/assets/fonts/paperIcons9baf.svg]
[xvelopers.com/demos/html/paper-panel/assets/fonts/roboto/roboto-v16-latin-100.svg]
[xvelopers.com/demos/html/paper-panel/assets/fonts/roboto/roboto-v16-latin-100italic.svg]
[xvelopers.com/demos/html/paper-panel/assets/fonts/roboto/roboto-v16-latin-300.svg]
[xvelopers.com/demos/html/paper-panel/assets/fonts/roboto/roboto-v16-latin-300italic.svg]
[xvelopers.com/demos/html/paper-panel/assets/fonts/roboto/roboto-v16-latin-regular.svg]
[xvelopers.com/demos/html/paper-panel/assets/fonts/roboto/roboto-v16-latin-italic.svg]
[xvelopers.com/demos/html/paper-panel/assets/fonts/roboto/roboto-v16-latin-500.svg]
[xvelopers.com/demos/html/paper-panel/assets/fonts/roboto/roboto-v16-latin-500italic.svg]
[xvelopers.com/demos/html/paper-panel/assets/fonts/roboto/roboto-v16-latin-700.svg]
[xvelopers.com/demos/html/paper-panel/assets/fonts/roboto/roboto-v16-latin-700italic.svg]
[xvelopers.com/demos/html/paper-panel/assets/fonts/roboto/roboto-v16-latin-900.svg]
[xvelopers.com/demos/html/paper-panel/assets/fonts/roboto/roboto-v16-latin-900italic.svg]
[xvelopers.com/demos/html/paper-panel/assets/img/controls.html]
[xvelopers.com/demos/html/paper-panel/panel-page-dashboard8.html]
[xvelopers.com/demos/html/paper-panel/assets/fonts/icons/svg/btc.svg]
[xvelopers.com/demos/html/paper-panel/assets/fonts/icons/svg/eth.svg]
[xvelopers.com/demos/html/paper-panel/assets/fonts/icons/svg/ltc.svg]
[xvelopers.com/demos/html/paper-panel/assets/fonts/icons/svg/bay.svg]
[xvelopers.com/demos/html/paper-panel/assets/fonts/icons/svg/cnx.svg]
[xvelopers.com/demos/html/paper-panel/assets/fonts/icons/svg/dta.svg]
[xvelopers.com/demos/html/paper-panel/assets/fonts/icons/svg/rub.svg]
[xvelopers.com/demos/html/paper-panel/assets/fonts/icons/svg/cenz.svg]
[xvelopers.com/demos/html/paper-panel/assets/fonts/icons/svg/sbd.svg]
[xvelopers.com/demos/html/paper-panel/assets/fonts/icons/svg/ada.svg]
[xvelopers.com/demos/html/paper-panel/compose.html]
[xvelopers.com/demos/html/paper-panel/invoice-print.html]
[cdn.datatables.net/buttons/1.5.2/css/buttons.dataTables.min.css]
